Component: ARM Compiler 5.06 update 7 (build 960) Tool: armlink [4d3601]

==============================================================================

Section Cross References

    startup_lpc17xx.o(STACK) refers (Special) to heapauxi.o(.text) for __use_two_region_memory
    startup_lpc17xx.o(HEAP) refers (Special) to heapauxi.o(.text) for __use_two_region_memory
    startup_lpc17xx.o(RESET) refers (Special) to heapauxi.o(.text) for __use_two_region_memory
    startup_lpc17xx.o(RESET) refers to startup_lpc17xx.o(STACK) for __initial_sp
    startup_lpc17xx.o(RESET) refers to startup_lpc17xx.o(.text) for Reset_Handler
    startup_lpc17xx.o(RESET) refers to irq_timer.o(.text) for TIMER0_IRQHandler
    startup_lpc17xx.o(RESET) refers to irq_button.o(.text) for EINT0_IRQHandler
    startup_lpc17xx.o(RESET) refers to irq_can.o(.text) for CAN_IRQHandler
    startup_lpc17xx.o(RESET) refers to irq_rit.o(.text) for RIT_IRQHandler
    startup_lpc17xx.o(.ARM.__at_0x02FC) refers (Special) to heapauxi.o(.text) for __use_two_region_memory
    startup_lpc17xx.o(.text) refers (Special) to heapauxi.o(.text) for __use_two_region_memory
    startup_lpc17xx.o(.text) refers to __main.o(!!!main) for __main
    startup_lpc17xx.o(.text) refers to startup_lpc17xx.o(HEAP) for Heap_Mem
    startup_lpc17xx.o(.text) refers to startup_lpc17xx.o(STACK) for Stack_Mem
    sample.o(.text) refers to system_lpc17xx.o(.text) for SystemInit
    sample.o(.text) refers to glcd.o(.text) for LCD_Initialization
    sample.o(.text) refers to lib_button.o(.text) for BUTTON_init
    sample.o(.text) refers to touchpanel.o(.text) for TP_Init
    sample.o(.text) refers to lib_can.o(.text) for CAN_Init
    sample.o(.text) refers to myfunc.o(.text) for schermata_iniziale
    sample.o(.text) refers to lib_timer.o(.text) for init_timer
    sample.o(.text) refers to lib_rit.o(.text) for init_RIT
    sample.o(.text) refers to lib_joystick.o(.text) for joystick_init
    system_lpc17xx.o(.text) refers to system_lpc17xx.o(.data) for SystemFrequency
    irq_timer.o(.text) refers to _printf_pad.o(.text) for _printf_pre_padding
    irq_timer.o(.text) refers to _printf_percent.o(.ARM.Collect$$_printf_percent$$00000000) for _printf_percent
    irq_timer.o(.text) refers to _printf_d.o(.ARM.Collect$$_printf_percent$$00000009) for _printf_d
    irq_timer.o(.text) refers to _printf_dec.o(.text) for _printf_int_dec
    irq_timer.o(.text) refers to glcd.o(.text) for GUI_Text
    irq_timer.o(.text) refers to lib_timer.o(.text) for disable_timer
    irq_timer.o(.text) refers to noretval__2sprintf.o(.text) for __2sprintf
    irq_timer.o(.text) refers to myfunc.o(.data) for menu
    irq_timer.o(.text) refers to irq_timer.o(.data) for loading
    irq_timer.o(.text) refers to myfunctwoplayer.o(.data) for two_player_one_board
    asciilib.o(.text) refers to rt_memcpy_v6.o(.text) for __aeabi_memcpy
    asciilib.o(.text) refers to asciilib.o(.constdata) for AsciiLib
    glcd.o(.text) refers to glcd.o(.data) for LCD_Code
    glcd.o(.text) refers to asciilib.o(.text) for GetASCIICode
    hzlib.o(.text) refers to rt_memcpy_v6.o(.text) for __aeabi_memcpy
    hzlib.o(.text) refers to hzlib.o(.constdata) for HzLib
    touchpanel.o(.text) refers to glcd.o(.text) for LCD_SetPoint
    touchpanel.o(.text) refers to rt_memclr_w.o(.text) for __aeabi_memclr4
    touchpanel.o(.text) refers to dflt_clz.o(x$fpl$dflt) for __aeabi_i2d
    touchpanel.o(.text) refers to deqf.o(x$fpl$deqf) for __aeabi_cdcmpeq
    touchpanel.o(.text) refers to dflt_clz.o(x$fpl$dfltu) for __aeabi_ui2d
    touchpanel.o(.text) refers to dmul.o(x$fpl$dmul) for __aeabi_dmul
    touchpanel.o(.text) refers to daddsub_clz.o(x$fpl$dadd) for __aeabi_dadd
    touchpanel.o(.text) refers to ddiv.o(x$fpl$ddiv) for __aeabi_ddiv
    touchpanel.o(.text) refers to dfixu.o(x$fpl$dfixu) for __aeabi_d2uiz
    touchpanel.o(.text) refers to touchpanel.o(.data) for screen
    touchpanel.o(.text) refers to touchpanel.o(.bss) for ScreenSample
    irq_button.o(.text) refers to irq_rit.o(.data) for down_0
    irq_rit.o(.text) refers to myfunc.o(.text) for pressedINT0
    irq_rit.o(.text) refers to myfunctwoplayer.o(.text) for HANDLER
    irq_rit.o(.text) refers to myfunctwoplayercan.o(.text) for handler_CAN
    irq_rit.o(.text) refers to myfuncnpc.o(.text) for handler_RIT_NPC
    irq_rit.o(.text) refers to irq_rit.o(.data) for down_0
    irq_rit.o(.text) refers to myfunctwoplayer.o(.data) for two_player_one_board
    irq_rit.o(.text) refers to myfunc.o(.data) for menu_sel
    myfunc.o(.text) refers to glcd.o(.text) for LCD_DrawLine
    myfunc.o(.text) refers to myfunc.o(.data) for length
    myfunc.o(.text) refers to myfunc.o(.bss) for visited
    myfunc.o(.text) refers to myfunctwoplayer.o(.text) for place_wall_two_player
    myfunc.o(.text) refers to lib_can.o(.text) for CAN_wrMsg
    myfunc.o(.text) refers to lib_can.o(.bss) for CAN_TxMsg
[...]
    rtexit2.o(.ARM.Collect$$rtexit$$00000004) refers to sys_exit.o(.text) for _sys_exit
    rtexit2.o(.ARM.exidx) refers to rtexit2.o(.ARM.Collect$$rtexit$$00000001) for .ARM.Collect$$rtexit$$00000001
    rtexit2.o(.ARM.exidx) refers to rtexit2.o(.ARM.Collect$$rtexit$$00000003) for .ARM.Collect$$rtexit$$00000003
    rtexit2.o(.ARM.exidx) refers to rtexit2.o(.ARM.Collect$$rtexit$$00000004) for .ARM.Collect$$rtexit$$00000004
    argv_veneer.o(.emb_text) refers to no_argv.o(.text) for __ARM_get_argv
    sys_exit.o(.text) refers (Special) to use_no_semi.o(.text) for __I$use$semihosting
    sys_exit.o(.text) refers (Special) to indicate_semi.o(.text) for __semihosting_library_function
    _get_argv_nomalloc.o(.text) refers (Special) to hrguard.o(.text) for __heap_region$guard
    _get_argv_nomalloc.o(.text) refers to defsig_rtmem_outer.o(.text) for __rt_SIGRTMEM
    _get_argv_nomalloc.o(.text) refers to sys_command.o(.text) for _sys_command_string
    libshutdown.o(.ARM.Collect$$libshutdown$$00000000) refers (Special) to libshutdown2.o(.ARM.Collect$$libshutdown$$00000004) for __rt_lib_shutdown_cpp_1
    libshutdown.o(.ARM.Collect$$libshutdown$$00000000) refers (Special) to libshutdown2.o(.ARM.Collect$$libshutdown$$00000002) for __rt_lib_shutdown_fini_1
    libshutdown.o(.ARM.Collect$$libshutdown$$00000000) refers (Special) to libshutdown2.o(.ARM.Collect$$libshutdown$$00000009) for __rt_lib_shutdown_fp_trap_1
    libshutdown.o(.ARM.Collect$$libshutdown$$00000000) refers (Special) to libshutdown2.o(.ARM.Collect$$libshutdown$$00000011) for __rt_lib_shutdown_heap_1
    libshutdown.o(.ARM.Collect$$libshutdown$$00000000) refers (Special) to libshutdown2.o(.ARM.Collect$$libshutdown$$00000012) for __rt_lib_shutdown_return
    libshutdown.o(.ARM.Collect$$libshutdown$$00000000) refers (Special) to libshutdown2.o(.ARM.Collect$$libshutdown$$0000000C) for __rt_lib_shutdown_signal_1
    libshutdown.o(.ARM.Collect$$libshutdown$$00000000) refers (Special) to libshutdown2.o(.ARM.Collect$$libshutdown$$00000006) for __rt_lib_shutdown_stdio_1
    libshutdown.o(.ARM.Collect$$libshutdown$$00000000) refers (Special) to libshutdown2.o(.ARM.Collect$$libshutdown$$0000000E) for __rt_lib_shutdown_user_alloc_1
    sys_command.o(.text) refers (Special) to use_no_semi.o(.text) for __I$use$semihosting
    sys_command.o(.text) refers (Special) to indicate_semi.o(.text) for __semihosting_library_function
    defsig_rtmem_outer.o(.text) refers to defsig_rtmem_inner.o(.text) for __rt_SIGRTMEM_inner
    defsig_rtmem_outer.o(.text) refers to defsig_exit.o(.text) for __sig_exit
    defsig_rtmem_formal.o(.text) refers to rt_raise.o(.text) for __rt_raise
    rt_raise.o(.text) refers to __raise.o(.text) for __raise
    rt_raise.o(.text) refers to sys_exit.o(.text) for _sys_exit
    defsig_exit.o(.text) refers to sys_exit.o(.text) for _sys_exit
    defsig_rtmem_inner.o(.text) refers to defsig_general.o(.text) for __default_signal_display
    __raise.o(.text) refers to defsig.o(CL$$defsig) for __default_signal_handler
    defsig_general.o(.text) refers to sys_wrch.o(.text) for _ttywrch
    sys_wrch.o(.text) refers (Special) to use_no_semi.o(.text) for __I$use$semihosting
    sys_wrch.o(.text) refers (Special) to indicate_semi.o(.text) for __semihosting_library_function
    defsig.o(CL$$defsig) refers to defsig_rtmem_inner.o(.text) for __rt_SIGRTMEM_inner
    defsig_abrt_inner.o(.text) refers to defsig_general.o(.text) for __default_signal_display
    defsig_fpe_inner.o(.text) refers to defsig_general.o(.text) for __default_signal_display
    defsig_rtred_inner.o(.text) refers to defsig_general.o(.text) for __default_signal_display
    defsig_stak_inner.o(.text) refers to defsig_general.o(.text) for __default_signal_display
    defsig_pvfn_inner.o(.text) refers to defsig_general.o(.text) for __default_signal_display
    defsig_cppl_inner.o(.text) refers to defsig_general.o(.text) for __default_signal_display
    defsig_segv_inner.o(.text) refers to defsig_general.o(.text) for __default_signal_display
    defsig_other.o(.text) refers to defsig_general.o(.text) for __default_signal_display


==============================================================================

Removing Unused input sections from the image.

    Removing sample.o(.rev16_text), (4 bytes).
    Removing sample.o(.revsh_text), (4 bytes).
    Removing sample.o(.rrx_text), (6 bytes).
    Removing core_cm3.o(.emb_text), (32 bytes).
    Removing system_lpc17xx.o(.rev16_text), (4 bytes).
    Removing system_lpc17xx.o(.revsh_text), (4 bytes).
    Removing system_lpc17xx.o(.rrx_text), (6 bytes).
    Removing irq_timer.o(.rev16_text), (4 bytes).
    Removing irq_timer.o(.revsh_text), (4 bytes).
    Removing irq_timer.o(.rrx_text), (6 bytes).
    Removing lib_timer.o(.rev16_text), (4 bytes).
    Removing lib_timer.o(.revsh_text), (4 bytes).
    Removing lib_timer.o(.rrx_text), (6 bytes).
    Removing glcd.o(.rev16_text), (4 bytes).
    Removing glcd.o(.revsh_text), (4 bytes).
    Removing glcd.o(.rrx_text), (6 bytes).
    Removing hzlib.o(.text), (52 bytes).
    Removing hzlib.o(.constdata), (216576 bytes).
    Removing touchpanel.o(.rev16_text), (4 bytes).
    Removing touchpanel.o(.revsh_text), (4 bytes).
    Removing touchpanel.o(.rrx_text), (6 bytes).
    Removing lib_button.o(.rev16_text), (4 bytes).
    Removing lib_button.o(.revsh_text), (4 bytes).
    Removing lib_button.o(.rrx_text), (6 bytes).
    Removing irq_button.o(.rev16_text), (4 bytes).
    Removing irq_button.o(.revsh_text), (4 bytes).
    Removing irq_button.o(.rrx_text), (6 bytes).
    Removing lib_joystick.o(.rev16_text), (4 bytes).
    Removing lib_joystick.o(.revsh_text), (4 bytes).
    Removing lib_joystick.o(.rrx_text), (6 bytes).
    Removing irq_rit.o(.rev16_text), (4 bytes).
    Removing irq_rit.o(.revsh_text), (4 bytes).
    Removing irq_rit.o(.rrx_text), (6 bytes).
    Removing lib_rit.o(.rev16_text), (4 bytes).
    Removing lib_rit.o(.revsh_text), (4 bytes).
    Removing lib_rit.o(.rrx_text), (6 bytes).
    Removing myfunc.o(.rev16_text), (4 bytes).
    Removing myfunc.o(.revsh_text), (4 bytes).
    Removing myfunc.o(.rrx_text), (6 bytes).
    Removing myfuncnpc.o(.rev16_text), (4 bytes).
    Removing myfuncnpc.o(.revsh_text), (4 bytes).
    Removing myfuncnpc.o(.rrx_text), (6 bytes).
    Removing myfunctwoplayer.o(.rev16_text), (4 bytes).
    Removing myfunctwoplayer.o(.revsh_text), (4 bytes).
    Removing myfunctwoplayer.o(.rrx_text), (6 bytes).
    Removing myfunctwoplayercan.o(.rev16_text), (4 bytes).
    Removing myfunctwoplayercan.o(.revsh_text), (4 bytes).
    Removing myfunctwoplayercan.o(.rrx_text), (6 bytes).
    Removing myfunctwoplayercan.o(.data), (4 bytes).
    Removing irq_can.o(.rev16_text), (4 bytes).
    Removing irq_can.o(.revsh_text), (4 bytes).
    Removing irq_can.o(.rrx_text), (6 bytes).
    Removing lib_can.o(.rev16_text), (4 bytes).
    Removing lib_can.o(.revsh_text), (4 bytes).
    Removing lib_can.o(.rrx_text), (6 bytes).

55 unused section(s) (total 216902 bytes) removed from the image.

==============================================================================

Image Symbol Table

    Local Symbols

    Symbol Name                              Value     Ov Type        Size  Object(Section)

    RESET                                    0x00000000   Section      204  startup_lpc17xx.o(RESET)
    ../clib/angel/boardlib.s                 0x00000000   Number         0  boardinit3.o ABSOLUTE
    ../clib/angel/boardlib.s                 0x00000000   Number         0  boardshut.o ABSOLUTE
    ../clib/angel/boardlib.s                 0x00000000   Number         0  boardinit1.o ABSOLUTE
    ../clib/angel/boardlib.s                 0x00000000   Number         0  boardinit2.o ABSOLUTE
    ../clib/angel/handlers.s                 0x00000000   Number         0  __scatter_copy.o ABSOLUTE
    ../clib/angel/handlers.s                 0x00000000   Number         0  __scatter_zi.o ABSOLUTE
    ../clib/angel/kernel.s                   0x00000000   Number         0  __rtentry.o ABSOLUTE
    ../clib/angel/kernel.s                   0x00000000   Number         0  rtexit2.o ABSOLUTE
    ../clib/angel/kernel.s                   0x00000000   Number         0  rtexit.o ABSOLUTE
    ../clib/angel/kernel.s                   0x00000000   Number         0  __rtentry2.o ABSOLUTE
    ../clib/angel/kernel.s                   0x00000000   Number         0  __rtentry4.o ABSOLUTE
    ../clib/angel/rt.s                       0x00000000   Number         0  rt_raise.o ABSOLUTE
    ../clib/angel/scatter.s                  0x00000000   Number         0  __scatter.o ABSOLUTE
    ../clib/angel/startup.s                  0x00000000   Number         0  __main.o ABSOLUTE
    ../clib/angel/sys.s                      0x00000000   Number         0  indicate_semi.o ABSOLUTE
    ../clib/angel/sys.s                      0x00000000   Number         0  use_no_semi.o ABSOLUTE
    ../clib/angel/sys.s                      0x00000000   Number         0  libspace.o ABSOLUTE
    ../clib/angel/sys.s                      0x00000000   Number         0  sys_stackheap_outer.o ABSOLUTE
    ../clib/angel/sysapp.c                   0x00000000   Number         0  sys_command.o ABSOLUTE
    ../clib/angel/sysapp.c                   0x00000000   Number         0  sys_wrch.o ABSOLUTE
    ../clib/angel/sysapp.c                   0x00000000   Number         0  sys_exit.o ABSOLUTE
    ../clib/armsys.c                         0x00000000   Number         0  argv_veneer.o ABSOLUTE
    ../clib/armsys.c                         0x00000000   Number         0  no_argv.o ABSOLUTE
    ../clib/armsys.c                         0x00000000   Number         0  _get_argv_nomalloc.o ABSOLUTE
    ../clib/armsys.c                         0x00000000   Number         0  argv_veneer.o ABSOLUTE
    ../clib/heapalloc.c                      0x00000000   Number         0  hrguard.o ABSOLUTE
    ../clib/heapaux.c                        0x00000000   Number         0  heapauxi.o ABSOLUTE
    ../clib/libinit.s                        0x00000000   Number         0  libinit2.o ABSOLUTE
    ../clib/libinit.s                        0x00000000   Number         0  libinit.o ABSOLUTE
    ../clib/libinit.s                        0x00000000   Number         0  libshutdown2.o ABSOLUTE
    ../clib/libinit.s                        0x00000000   Number         0  libshutdown.o ABSOLUTE
    ../clib/memcpset.s                       0x00000000   Number         0  rt_memcpy_w.o ABSOLUTE
    ../clib/memcpset.s                       0x00000000   Number         0  rt_memclr_w.o ABSOLUTE
    ../clib/memcpset.s                       0x00000000   Number         0  rt_memcpy_v6.o ABSOLUTE
    ../clib/misc.s                           0x00000000   Number         0  printf_stubs.o ABSOLUTE
    ../clib/printf.c                         0x00000000   Number         0  __printf_flags_wp.o ABSOLUTE
    ../clib/printf.c                         0x00000000   Number         0  __printf_nopercent.o ABSOLUTE
    ../clib/printf.c                         0x00000000   Number         0  _sputc.o ABSOLUTE
    ../clib/printf.c                         0x00000000   Number         0  __2sprintf.o ABSOLUTE
    ../clib/printf.c                         0x00000000   Number         0  noretval__2sprintf.o ABSOLUTE
    ../clib/printf.c                         0x00000000   Number         0  _printf_char_common.o ABSOLUTE
    ../clib/printf.c                         0x00000000   Number         0  __printf.o ABSOLUTE
    ../clib/printf.c                         0x00000000   Number         0  _printf_pad.o ABSOLUTE
    ../clib/printf.c                         0x00000000   Number         0  _printf_intcommon.o ABSOLUTE
    ../clib/printf.c                         0x00000000   Number         0  _printf_dec.o ABSOLUTE
    ../clib/printf.c                         0x00000000   Number         0  __printf_flags.o ABSOLUTE
    ../clib/printf.c                         0x00000000   Number         0  __printf_ss.o ABSOLUTE
    ../clib/printf.c                         0x00000000   Number         0  __printf_flags_ss.o ABSOLUTE
    ../clib/printf.c                         0x00000000   Number         0  __printf_wp.o ABSOLUTE
    ../clib/printf.c                         0x00000000   Number         0  __printf_ss_wp.o ABSOLUTE
    ../clib/printf.c                         0x00000000   Number         0  __printf_flags_ss_wp.o ABSOLUTE
    ../clib/printf_percent.s                 0x00000000   Number         0  _printf_percent_end.o ABSOLUTE
    ../clib/printf_percent.s                 0x00000000   Number         0  _printf_percent.o ABSOLUTE
    ../clib/printf_percent.s                 0x00000000   Number         0  _printf_d.o ABSOLUTE
    ../clib/signal.c                         0x00000000   Number         0  defsig_fpe_inner.o ABSOLUTE
    ../clib/signal.c                         0x00000000   Number         0  defsig_rtmem_inner.o ABSOLUTE
    ../clib/signal.c                         0x00000000   Number         0  defsig_other.o ABSOLUTE
    ../clib/signal.c                         0x00000000   Number         0  defsig_segv_inner.o ABSOLUTE
    ../clib/signal.c                         0x00000000   Number         0  defsig_cppl_inner.o ABSOLUTE
    ../clib/signal.c                         0x00000000   Number         0  defsig_pvfn_inner.o ABSOLUTE
    ../clib/signal.c                         0x00000000   Number         0  defsig_rtmem_formal.o ABSOLUTE
    ../clib/signal.c                         0x00000000   Number         0  defsig_exit.o ABSOLUTE
    ../clib/signal.c                         0x00000000   Number         0  defsig_stak_inner.o ABSOLUTE
    ../clib/signal.c                         0x00000000   Number         0  defsig_abrt_inner.o ABSOLUTE
    ../clib/signal.c                         0x00000000   Number         0  defsig_rtmem_outer.o ABSOLUTE
    ../clib/signal.c                         0x00000000   Number         0  defsig_general.o ABSOLUTE
    ../clib/signal.c                         0x00000000   Number         0  __raise.o ABSOLUTE
    ../clib/signal.c                         0x00000000   Number         0  defsig_rtred_inner.o ABSOLUTE
    ../clib/signal.s                         0x00000000   Number         0  defsig.o ABSOLUTE
    ../clib/stdlib.c                         0x00000000   Number         0  exit.o ABSOLUTE
    ../fplib/daddsub.s                       0x00000000   Number         0  daddsub_clz.o ABSOLUTE
    ../fplib/dcmpi.s                         0x00000000   Number         0  dcmpi.o ABSOLUTE
    ../fplib/ddiv.s                          0x00000000   Number         0  ddiv.o ABSOLUTE
    ../fplib/deqf.s                          0x00000000   Number         0  deqf.o ABSOLUTE
    ../fplib/dfixu.s                         0x00000000   Number         0  dfixu.o ABSOLUTE
    ../fplib/dflt.s                          0x00000000   Number         0  dflt_clz.o ABSOLUTE
    ../fplib/dmul.s                          0x00000000   Number         0  dmul.o ABSOLUTE
    ../fplib/dnaninf.s                       0x00000000   Number         0  dnaninf.o ABSOLUTE
    ../fplib/dretinf.s                       0x00000000   Number         0  dretinf.o ABSOLUTE
    ../fplib/fpinit.s                        0x00000000   Number         0  fpinit.o ABSOLUTE
    ../fplib/usenofp.s                       0x00000000   Number         0  usenofp.o ABSOLUTE
    CAN\IRQ_CAN.c                            0x00000000   Number         0  irq_can.o ABSOLUTE
    CAN\\IRQ_CAN.c                           0x00000000   Number         0  irq_can.o ABSOLUTE
    CAN\\lib_CAN.c                           0x00000000   Number         0  lib_can.o ABSOLUTE
    CAN\lib_CAN.c                            0x00000000   Number         0  lib_can.o ABSOLUTE
    GLCD\AsciiLib.c                          0x00000000   Number         0  asciilib.o ABSOLUTE
    GLCD\GLCD.c                              0x00000000   Number         0  glcd.o ABSOLUTE
    GLCD\HzLib.c                             0x00000000   Number         0  hzlib.o ABSOLUTE
    GLCD\\GLCD.c                             0x00000000   Number         0  glcd.o ABSOLUTE
    MyFunction\\myfunc.c                     0x00000000   Number         0  myfunc.o ABSOLUTE
    MyFunction\\myfuncNPC.c                  0x00000000   Number         0  myfuncnpc.o ABSOLUTE
    MyFunction\\myfuncTwoPlayer.c            0x00000000   Number         0  myfunctwoplayer.o ABSOLUTE
    MyFunction\\myfuncTwoPlayerCan.c         0x00000000   Number         0  myfunctwoplayercan.o ABSOLUTE
    MyFunction\myfunc.c                      0x00000000   Number         0  myfunc.o ABSOLUTE
    MyFunction\myfuncNPC.c                   0x00000000   Number         0  myfuncnpc.o ABSOLUTE
    MyFunction\myfuncTwoPlayer.c             0x00000000   Number         0  myfunctwoplayer.o ABSOLUTE
    MyFunction\myfuncTwoPlayerCan.c          0x00000000   Number         0  myfunctwoplayercan.o ABSOLUTE
    RIT\IRQ_RIT.c                            0x00000000   Number         0  irq_rit.o ABSOLUTE
    RIT\\IRQ_RIT.c                           0x00000000   Number         0  irq_rit.o ABSOLUTE
    RIT\\lib_RIT.c                           0x00000000   Number         0  lib_rit.o ABSOLUTE
    RIT\lib_RIT.c                            0x00000000   Number         0  lib_rit.o ABSOLUTE
    TouchPanel\TouchPanel.c                  0x00000000   Number         0  touchpanel.o ABSOLUTE
    TouchPanel\\TouchPanel.c                 0x00000000   Number         0  touchpanel.o ABSOLUTE
    button_EXINT\IRQ_button.c                0x00000000   Number         0  irq_button.o ABSOLUTE
    button_EXINT\\IRQ_button.c               0x00000000   Number         0  irq_button.o ABSOLUTE
    button_EXINT\\lib_button.c               0x00000000   Number         0  lib_button.o ABSOLUTE
    button_EXINT\lib_button.c                0x00000000   Number         0  lib_button.o ABSOLUTE
    core_cm3.c                               0x00000000   Number         0  core_cm3.o ABSOLUTE
    core_cm3.c                               0x00000000   Number         0  core_cm3.o ABSOLUTE
    dc.s                                     0x00000000   Number         0  dc.o ABSOLUTE
    joystick\\lib_joystick.c                 0x00000000   Number         0  lib_joystick.o ABSOLUTE
    joystick\lib_joystick.c                  0x00000000   Number         0  lib_joystick.o ABSOLUTE
    sample.c                                 0x00000000   Number         0  sample.o ABSOLUTE
    sample.c                                 0x00000000   Number         0  sample.o ABSOLUTE
    startup_LPC17xx.s                        0x00000000   Number         0  startup_lpc17xx.o ABSOLUTE
    system_LPC17xx.c                         0x00000000   Number         0  system_lpc17xx.o ABSOLUTE
    system_LPC17xx.c                         0x00000000   Number         0  system_lpc17xx.o ABSOLUTE
    timer\IRQ_timer.c                        0x00000000   Number         0  irq_timer.o ABSOLUTE
    timer\\IRQ_timer.c                       0x00000000   Number         0  irq_timer.o ABSOLUTE
    timer\\lib_timer.c                       0x00000000   Number         0  lib_timer.o ABSOLUTE
    timer\lib_timer.c                        0x00000000   Number         0  lib_timer.o ABSOLUTE
    !!!main                                  0x000000cc   Section        8  __main.o(!!!main)
    !!!scatter                               0x000000d4   Section       52  __scatter.o(!!!scatter)
    !!handler_copy                           0x00000108   Section       26  __scatter_copy.o(!!handler_copy)
    !!handler_zi                             0x00000124   Section       28  __scatter_zi.o(!!handler_zi)
    .ARM.Collect$$_printf_percent$$00000000  0x00000140   Section        0  _printf_percent.o(.ARM.Collect$$_printf_percent$$00000000)
    .ARM.Collect$$_printf_percent$$00000009  0x00000140   Section        6  _printf_d.o(.ARM.Collect$$_printf_percent$$00000009)
    .ARM.Collect$$_printf_percent$$00000017  0x00000146   Section        4  _printf_percent_end.o(.ARM.Collect$$_printf_percent$$00000017)
    .ARM.Collect$$libinit$$00000000          0x0000014a   Section        2  libinit.o(.ARM.Collect$$libinit$$00000000)
    .ARM.Collect$$libinit$$00000002          0x0000014c   Section        0  libinit2.o(.ARM.Collect$$libinit$$00000002)
    .ARM.Collect$$libinit$$00000004          0x0000014c   Section        0  libinit2.o(.ARM.Collect$$libinit$$00000004)
    .ARM.Collect$$libinit$$0000000A          0x0000014c   Section        0  libinit2.o(.ARM.Collect$$libinit$$0000000A)
    .ARM.Collect$$libinit$$0000000C          0x0000014c   Section        0  libinit2.o(.ARM.Collect$$libinit$$0000000C)
    .ARM.Collect$$libinit$$0000000E          0x0000014c   Section        0  libinit2.o(.ARM.Collect$$libinit$$0000000E)
    .ARM.Collect$$libinit$$00000011          0x0000014c   Section        0  libinit2.o(.ARM.Collect$$libinit$$00000011)
    .ARM.Collect$$libinit$$00000013          0x0000014c   Section        0  libinit2.o(.ARM.Collect$$libinit$$00000013)
    .ARM.Collect$$libinit$$00000015          0x0000014c   Section        0  libinit2.o(.ARM.Collect$$libinit$$00000015)
    .ARM.Collect$$libinit$$00000017          0x0000014c   Section        0  libinit2.o(.ARM.Collect$$libinit$$00000017)
    .ARM.Collect$$libinit$$00000019          0x0000014c   Section        0  libinit2.o(.ARM.Collect$$libinit$$00000019)
    .ARM.Collect$$libinit$$0000001B          0x0000014c   Section        0  libinit2.o(.ARM.Collect$$libinit$$0000001B)
    .ARM.Collect$$libinit$$0000001D          0x0000014c   Section        0  libinit2.o(.ARM.Collect$$libinit$$0000001D)
    .ARM.Collect$$libinit$$0000001F          0x0000014c   Section        0  libinit2.o(.ARM.Collect$$libinit$$0000001F)
    .ARM.Collect$$libinit$$00000021          0x0000014c   Section        0  libinit2.o(.ARM.Collect$$libinit$$00000021)
    .ARM.Collect$$libinit$$00000023          0x0000014c   Section        0  libinit2.o(.ARM.Collect$$libinit$$00000023)
    .ARM.Collect$$libinit$$00000025          0x0000014c   Section        0  libinit2.o(.ARM.Collect$$libinit$$00000025)
    .ARM.Collect$$libinit$$0000002C          0x0000014c   Section        0  libinit2.o(.ARM.Collect$$libinit$$0000002C)
    .ARM.Collect$$libinit$$0000002E          0x0000014c   Section        0  libinit2.o(.ARM.Collect$$libinit$$0000002E)
    .ARM.Collect$$libinit$$00000030          0x0000014c   Section        0  libinit2.o(.ARM.Collect$$libinit$$00000030)
    .ARM.Collect$$libinit$$00000032          0x0000014c   Section        0  libinit2.o(.ARM.Collect$$libinit$$00000032)
    .ARM.Collect$$libinit$$00000033          0x0000014c   Section        2  libinit2.o(.ARM.Collect$$libinit$$00000033)
    .ARM.Collect$$libshutdown$$00000000      0x0000014e   Section        2  libshutdown.o(.ARM.Collect$$libshutdown$$00000000)
    .ARM.Collect$$libshutdown$$00000002      0x00000150   Section        0  libshutdown2.o(.ARM.Collect$$libshutdown$$00000002)
    .ARM.Collect$$libshutdown$$00000004      0x00000150   Section        0  libshutdown2.o(.ARM.Collect$$libshutdown$$00000004)
    .ARM.Collect$$libshutdown$$00000006      0x00000150   Section        0  libshutdown2.o(.ARM.Collect$$libshutdown$$00000006)
    .ARM.Collect$$libshutdown$$00000009      0x00000150   Section        0  libshutdown2.o(.ARM.Collect$$libshutdown$$00000009)
    .ARM.Collect$$libshutdown$$0000000C      0x00000150   Section        0  libshutdown2.o(.ARM.Collect$$libshutdown$$0000000C)
    .ARM.Collect$$libshutdown$$0000000E      0x00000150   Section        0  libshutdown2.o(.ARM.Collect$$libshutdown$$0000000E)
    .ARM.Collect$$libshutdown$$00000011      0x00000150   Section        0  libshutdown2.o(.ARM.Collect$$libshutdown$$00000011)
    .ARM.Collect$$libshutdown$$00000012      0x00000150   Section        2  libshutdown2.o(.ARM.Collect$$libshutdown$$00000012)
    .ARM.Collect$$rtentry$$00000000          0x00000152   Section        0  __rtentry.o(.ARM.Collect$$rtentry$$00000000)
    .ARM.Collect$$rtentry$$00000002          0x00000152   Section        0  __rtentry2.o(.ARM.Collect$$rtentry$$00000002)
    .ARM.Collect$$rtentry$$00000004          0x00000152   Section        6  __rtentry4.o(.ARM.Collect$$rtentry$$00000004)
    .ARM.Collect$$rtentry$$00000009          0x00000158   Section        0  __rtentry2.o(.ARM.Collect$$rtentry$$00000009)
    .ARM.Collect$$rtentry$$0000000A          0x00000158   Section        4  __rtentry2.o(.ARM.Collect$$rtentry$$0000000A)
    .ARM.Collect$$rtentry$$0000000C          0x0000015c   Section        0  __rtentry2.o(.ARM.Collect$$rtentry$$0000000C)
    .ARM.Collect$$rtentry$$0000000D          0x0000015c   Section        8  __rtentry2.o(.ARM.Collect$$rtentry$$0000000D)
    .ARM.Collect$$rtexit$$00000000           0x00000164   Section        2  rtexit.o(.ARM.Collect$$rtexit$$00000000)
    .ARM.Collect$$rtexit$$00000002           0x00000166   Section        0  rtexit2.o(.ARM.Collect$$rtexit$$00000002)
    .ARM.Collect$$rtexit$$00000003           0x00000166   Section        4  rtexit2.o(.ARM.Collect$$rtexit$$00000003)
    .ARM.Collect$$rtexit$$00000004           0x0000016a   Section        6  rtexit2.o(.ARM.Collect$$rtexit$$00000004)
    .text                                    0x00000170   Section       52  startup_lpc17xx.o(.text)
    .text                                    0x000001a4   Section        0  sample.o(.text)
    .text                                    0x00000200   Section        0  lib_timer.o(.text)
    __NVIC_EnableIRQ                         0x00000201   Thumb Code    34  lib_timer.o(.text)
    .text                                    0x000002a8   Section        0  asciilib.o(.text)
    .text                                    0x000002c8   Section        0  noretval__2sprintf.o(.text)
    .text                                    0x000002f0   Section        0  heapauxi.o(.text)
    .text                                    0x000002f6   Section        2  use_no_semi.o(.text)
    .text                                    0x000002f8   Section        0  indicate_semi.o(.text)
    x$fpl$usenofp                            0x000002f8   Section        0  usenofp.o(x$fpl$usenofp)
    .ARM.__at_0x02FC                         0x000002fc   Section        4  startup_lpc17xx.o(.ARM.__at_0x02FC)
    .text                                    0x00000300   Section        0  system_lpc17xx.o(.text)
    .text                                    0x0000052c   Section        0  irq_timer.o(.text)
    .text                                    0x0000084c   Section        0  glcd.o(.text)
    LCD_Configuration                        0x0000084d   Thumb Code    20  glcd.o(.text)
    wait_delay                               0x00000861   Thumb Code    12  glcd.o(.text)
    LCD_SetCursor                            0x0000086d   Thumb Code  1356  glcd.o(.text)
    delay_ms                                 0x00000db9   Thumb Code    30  glcd.o(.text)
    LCD_BGR2RGB                              0x000042b5   Thumb Code    26  glcd.o(.text)
    .text                                    0x00004930   Section        0  touchpanel.o(.text)
    ADS7843_SPI_Init                         0x00004941   Thumb Code   128  touchpanel.o(.text)
    DelayUS                                  0x000049df   Thumb Code    28  touchpanel.o(.text)
    WR_CMD                                   0x000049fb   Thumb Code    56  touchpanel.o(.text)
    RD_AD                                    0x00004a33   Thumb Code    42  touchpanel.o(.text)
    .text                                    0x000052b0   Section        0  lib_button.o(.text)
    __NVIC_EnableIRQ                         0x000052b1   Thumb Code    34  lib_button.o(.text)
    __NVIC_SetPriority                       0x000052d3   Thumb Code    32  lib_button.o(.text)
    .text                                    0x00005384   Section        0  irq_button.o(.text)
    __NVIC_DisableIRQ                        0x00005385   Thumb Code    30  irq_button.o(.text)
    .text                                    0x0000543c   Section        0  lib_joystick.o(.text)
    .text                                    0x000054c0   Section        0  irq_rit.o(.text)
    __NVIC_EnableIRQ                         0x000054c1   Thumb Code    34  irq_rit.o(.text)
    .text                                    0x00005844   Section        0  lib_rit.o(.text)
    .text                                    0x000058d8   Section        0  myfunc.o(.text)
    .text                                    0x000063e0   Section        0  myfuncnpc.o(.text)
    .text                                    0x00009478   Section        0  myfunctwoplayer.o(.text)
    .text                                    0x0000d13c   Section        0  myfunctwoplayercan.o(.text)
    .text                                    0x0000fa4c   Section        0  irq_can.o(.text)
    .text                                    0x0000facc   Section        0  lib_can.o(.text)
    __NVIC_EnableIRQ                         0x0000facd   Thumb Code    34  lib_can.o(.text)
    CAN_cfgBaudrate                          0x0000faef   Thumb Code    70  lib_can.o(.text)
    .text                                    0x0000ffe4   Section        0  _printf_pad.o(.text)
    .text                                    0x00010034   Section        0  _printf_dec.o(.text)
    .text                                    0x000100ac   Section        0  __printf_wp.o(.text)
    .text                                    0x000101ba   Section      138  rt_memcpy_v6.o(.text)
    .text                                    0x00010244   Section       78  rt_memclr_w.o(.text)
    .text                                    0x00010292   Section        0  _printf_intcommon.o(.text)
    .text                                    0x00010344   Section        0  _printf_char_common.o(.text)
    _printf_input_char                       0x00010345   Thumb Code    10  _printf_char_common.o(.text)
    .text                                    0x00010374   Section        0  _sputc.o(.text)
    .text                                    0x0001037e   Section      100  rt_memcpy_w.o(.text)
    .text                                    0x000103e2   Section       74  sys_stackheap_outer.o(.text)
    .text                                    0x0001042c   Section        0  exit.o(.text)
    .text                                    0x00010440   Section        8  libspace.o(.text)
    .text                                    0x00010448   Section        0  sys_exit.o(.text)
    i._is_digit                              0x00010454   Section        0  __printf_wp.o(i._is_digit)
    x$fpl$dadd                               0x00010464   Section      336  daddsub_clz.o(x$fpl$dadd)
    _dadd1                                   0x00010475   Thumb Code     0  daddsub_clz.o(x$fpl$dadd)
    x$fpl$dcmpinf                            0x000105b4   Section       24  dcmpi.o(x$fpl$dcmpinf)
    x$fpl$ddiv                               0x000105cc   Section      688  ddiv.o(x$fpl$ddiv)
    ddiv_entry                               0x000105d3   Thumb Code     0  ddiv.o(x$fpl$ddiv)
    x$fpl$deqf                               0x0001087c   Section      120  deqf.o(x$fpl$deqf)
    x$fpl$dfixu                              0x000108f4   Section       90  dfixu.o(x$fpl$dfixu)
    x$fpl$dflt                               0x0001094e   Section       46  dflt_clz.o(x$fpl$dflt)
    x$fpl$dfltu                              0x0001097c   Section       38  dflt_clz.o(x$fpl$dfltu)
    x$fpl$dmul                               0x000109a4   Section      340  dmul.o(x$fpl$dmul)
    x$fpl$dnaninf                            0x00010af8   Section      156  dnaninf.o(x$fpl$dnaninf)
    x$fpl$dretinf                            0x00010b94   Section       12  dretinf.o(x$fpl$dretinf)
    x$fpl$dsub                               0x00010ba0   Section      468  daddsub_clz.o(x$fpl$dsub)
    _dsub1                                   0x00010bb1   Thumb Code     0  daddsub_clz.o(x$fpl$dsub)
    .constdata                               0x00010d74   Section     1520  asciilib.o(.constdata)
    AsciiLib                                 0x00010d74   Data        1520  asciilib.o(.constdata)
    .constdata                               0x00011364   Section       68  lib_can.o(.constdata)
    STACK                                    0x10000000   Section     4080  startup_lpc17xx.o(STACK)
    Stack_Mem                                0x10000000   Data        4080  startup_lpc17xx.o(STACK)
    __initial_sp                             0x10000ff0   Data           0  startup_lpc17xx.o(STACK)
    .data                                    0x2007c000   Section        4  system_lpc17xx.o(.data)
    .data                                    0x2007c004   Section       36  irq_timer.o(.data)
    count                                    0x2007c020   Data           4  irq_timer.o(.data)
    clear                                    0x2007c024   Data           4  irq_timer.o(.data)
    .data                                    0x2007c028   Section        1  glcd.o(.data)
    LCD_Code                                 0x2007c028   Data           1  glcd.o(.data)
    .data                                    0x2007c02a   Section       20  touchpanel.o(.data)
    screen                                   0x2007c03a   Data           4  touchpanel.o(.data)
    .data                                    0x2007c040   Section       36  irq_rit.o(.data)
    .data                                    0x2007c064   Section      101  myfunc.o(.data)
    .data                                    0x2007c0cc   Section       10  myfuncnpc.o(.data)
    .data                                    0x2007c0d8   Section       36  myfunctwoplayer.o(.data)
    .data                                    0x2007c0fc   Section        8  irq_can.o(.data)
    .data                                    0x2007c104   Section       16  lib_can.o(.data)
    CAN_std_cnt                              0x2007c10c   Data           4  lib_can.o(.data)
    CAN_ext_cnt                              0x2007c110   Data           4  lib_can.o(.data)
    .bss                                     0x2007c118   Section       68  touchpanel.o(.bss)
    .bss                                     0x2007c15c   Section     1184  myfunc.o(.bss)
    .bss                                     0x2007c5fc   Section       32  lib_can.o(.bss)
    .bss                                     0x2007c61c   Section       96  libspace.o(.bss)
    HEAP                                     0x2007c680   Section        0  startup_lpc17xx.o(HEAP)
    Heap_Mem                                 0x2007c680   Data           0  startup_lpc17xx.o(HEAP)

    Global Symbols

    Symbol Name                              Value     Ov Type        Size  Object(Section)

    BuildAttributes$$THM_ISAv4$P$D$K$B$S$PE$A:L22UL41UL21$X:L11$S22US41US21$IEEE1$IW$USESV6$~STKCKD$USESV7$~SHL$OSPACE$ROPI$EBA8$UX$STANDARDLIB$REQ8$PRES8$EABIv2 0x00000000   Number         0  anon$$obj.o ABSOLUTE
    __ARM_use_no_argv                        0x00000000   Number         0  sample.o ABSOLUTE
    __Vectors                                0x00000000   Data           4  startup_lpc17xx.o(RESET)
    _printf_flags                            0x00000000   Number         0  printf_stubs.o ABSOLUTE
    _printf_return_value                     0x00000000   Number         0  printf_stubs.o ABSOLUTE
    _printf_sizespec                         0x00000000   Number         0  printf_stubs.o ABSOLUTE
    _printf_widthprec                        0x00000000   Number         0  printf_stubs.o ABSOLUTE
    __ARM_exceptions_init                     - Undefined Weak Reference
    __alloca_initialize                       - Undefined Weak Reference
    __arm_fini_                               - Undefined Weak Reference
    __arm_preinit_                            - Undefined Weak Reference
    __cpp_initialize__aeabi_                  - Undefined Weak Reference
    __cxa_finalize                            - Undefined Weak Reference
    __rt_locale                               - Undefined Weak Reference
    __sigvec_lookup                           - Undefined Weak Reference
    _atexit_init                              - Undefined Weak Reference
    _call_atexit_fns                          - Undefined Weak Reference
    _clock_init                               - Undefined Weak Reference
    _fp_trap_init                             - Undefined Weak Reference
    _fp_trap_shutdown                         - Undefined Weak Reference
    _get_lc_collate                           - Undefined Weak Reference
    _get_lc_ctype                             - Undefined Weak Reference
    _get_lc_monetary                          - Undefined Weak Reference
    _get_lc_numeric                           - Undefined Weak Reference
    _get_lc_time                              - Undefined Weak Reference
    _getenv_init                              - Undefined Weak Reference
    _handle_redirection                       - Undefined Weak Reference
    _init_alloc                               - Undefined Weak Reference
    _init_user_alloc                          - Undefined Weak Reference
    _initio                                   - Undefined Weak Reference
    _printf_truncate_signed                   - Undefined Weak Reference
    _printf_truncate_unsigned                 - Undefined Weak Reference
    _rand_init                                - Undefined Weak Reference
    _signal_finish                            - Undefined Weak Reference
    _signal_init                              - Undefined Weak Reference
    _terminate_alloc                          - Undefined Weak Reference
    _terminate_user_alloc                     - Undefined Weak Reference
    _terminateio                              - Undefined Weak Reference
    __main                                   0x000000cd   Thumb Code     8  __main.o(!!!main)
    __scatterload                            0x000000d5   Thumb Code     0  __scatter.o(!!!scatter)
    __scatterload_rt2                        0x000000d5   Thumb Code    44  __scatter.o(!!!scatter)
    __scatterload_rt2_thumb_only             0x000000d5   Thumb Code     0  __scatter.o(!!!scatter)
    __scatterload_null                       0x000000e3   Thumb Code     0  __scatter.o(!!!scatter)
    __scatterload_copy                       0x00000109   Thumb Code    26  __scatter_copy.o(!!handler_copy)
    __scatterload_zeroinit                   0x00000125   Thumb Code    28  __scatter_zi.o(!!handler_zi)
    _printf_d                                0x00000141   Thumb Code     0  _printf_d.o(.ARM.Collect$$_printf_percent$$00000009)
    _printf_percent                          0x00000141   Thumb Code     0  _printf_percent.o(.ARM.Collect$$_printf_percent$$00000000)
    _printf_percent_end                      0x00000147   Thumb Code     0  _printf_percent_end.o(.ARM.Collect$$_printf_percent$$00000017)
    __rt_lib_init                            0x0000014b   Thumb Code     0  libinit.o(.ARM.Collect$$libinit$$00000000)
    __rt_lib_init_alloca_1                   0x0000014d   Thumb Code     0  libinit2.o(.ARM.Collect$$libinit$$0000002E)
    __rt_lib_init_argv_1                     0x0000014d   Thumb Code     0  libinit2.o(.ARM.Collect$$libinit$$0000002C)
    __rt_lib_init_atexit_1                   0x0000014d   Thumb Code     0  libinit2.o(.ARM.Collect$$libinit$$0000001B)
    __rt_lib_init_clock_1                    0x0000014d   Thumb Code     0  libinit2.o(.ARM.Collect$$libinit$$00000021)
    __rt_lib_init_cpp_1                      0x0000014d   Thumb Code     0  libinit2.o(.ARM.Collect$$libinit$$00000032)
    __rt_lib_init_exceptions_1               0x0000014d   Thumb Code     0  libinit2.o(.ARM.Collect$$libinit$$00000030)
    __rt_lib_init_fp_1                       0x0000014d   Thumb Code     0  libinit2.o(.ARM.Collect$$libinit$$00000002)
    __rt_lib_init_fp_trap_1                  0x0000014d   Thumb Code     0  libinit2.o(.ARM.Collect$$libinit$$0000001F)
    __rt_lib_init_getenv_1                   0x0000014d   Thumb Code     0  libinit2.o(.ARM.Collect$$libinit$$00000023)
    __rt_lib_init_heap_1                     0x0000014d   Thumb Code     0  libinit2.o(.ARM.Collect$$libinit$$0000000A)
    __rt_lib_init_lc_collate_1               0x0000014d   Thumb Code     0  libinit2.o(.ARM.Collect$$libinit$$00000011)
    __rt_lib_init_lc_ctype_1                 0x0000014d   Thumb Code     0  libinit2.o(.ARM.Collect$$libinit$$00000013)
    __rt_lib_init_lc_monetary_1              0x0000014d   Thumb Code     0  libinit2.o(.ARM.Collect$$libinit$$00000015)
    __rt_lib_init_lc_numeric_1               0x0000014d   Thumb Code     0  libinit2.o(.ARM.Collect$$libinit$$00000017)
    __rt_lib_init_lc_time_1                  0x0000014d   Thumb Code     0  libinit2.o(.ARM.Collect$$libinit$$00000019)
    __rt_lib_init_preinit_1                  0x0000014d   Thumb Code     0  libinit2.o(.ARM.Collect$$libinit$$00000004)
    __rt_lib_init_rand_1                     0x0000014d   Thumb Code     0  libinit2.o(.ARM.Collect$$libinit$$0000000E)
    __rt_lib_init_return                     0x0000014d   Thumb Code     0  libinit2.o(.ARM.Collect$$libinit$$00000033)
    __rt_lib_init_signal_1                   0x0000014d   Thumb Code     0  libinit2.o(.ARM.Collect$$libinit$$0000001D)
    __rt_lib_init_stdio_1                    0x0000014d   Thumb Code     0  libinit2.o(.ARM.Collect$$libinit$$00000025)
    __rt_lib_init_user_alloc_1               0x0000014d   Thumb Code     0  libinit2.o(.ARM.Collect$$libinit$$0000000C)
    __rt_lib_shutdown                        0x0000014f   Thumb Code     0  libshutdown.o(.ARM.Collect$$libshutdown$$00000000)
    __rt_lib_shutdown_cpp_1                  0x00000151   Thumb Code     0  libshutdown2.o(.ARM.Collect$$libshutdown$$00000004)
    __rt_lib_shutdown_fini_1                 0x00000151   Thumb Code     0  libshutdown2.o(.ARM.Collect$$libshutdown$$00000002)
    __rt_lib_shutdown_fp_trap_1              0x00000151   Thumb Code     0  libshutdown2.o(.ARM.Collect$$libshutdown$$00000009)
    __rt_lib_shutdown_heap_1                 0x00000151   Thumb Code     0  libshutdown2.o(.ARM.Collect$$libshutdown$$00000011)
    __rt_lib_shutdown_return                 0x00000151   Thumb Code     0  libshutdown2.o(.ARM.Collect$$libshutdown$$00000012)
    __rt_lib_shutdown_signal_1               0x00000151   Thumb Code     0  libshutdown2.o(.ARM.Collect$$libshutdown$$0000000C)
    __rt_lib_shutdown_stdio_1                0x00000151   Thumb Code     0  libshutdown2.o(.ARM.Collect$$libshutdown$$00000006)
    __rt_lib_shutdown_user_alloc_1           0x00000151   Thumb Code     0  libshutdown2.o(.ARM.Collect$$libshutdown$$0000000E)
    __rt_entry                               0x00000153   Thumb Code     0  __rtentry.o(.ARM.Collect$$rtentry$$00000000)
    __rt_entry_presh_1                       0x00000153   Thumb Code     0  __rtentry2.o(.ARM.Collect$$rtentry$$00000002)
    __rt_entry_sh                            0x00000153   Thumb Code     0  __rtentry4.o(.ARM.Collect$$rtentry$$00000004)
    __rt_entry_li                            0x00000159   Thumb Code     0  __rtentry2.o(.ARM.Collect$$rtentry$$0000000A)
    __rt_entry_postsh_1                      0x00000159   Thumb Code     0  __rtentry2.o(.ARM.Collect$$rtentry$$00000009)
    __rt_entry_main                          0x0000015d   Thumb Code     0  __rtentry2.o(.ARM.Collect$$rtentry$$0000000D)
    __rt_entry_postli_1                      0x0000015d   Thumb Code     0  __rtentry2.o(.ARM.Collect$$rtentry$$0000000C)
    __rt_exit                                0x00000165   Thumb Code     0  rtexit.o(.ARM.Collect$$rtexit$$00000000)
    __rt_exit_ls                             0x00000167   Thumb Code     0  rtexit2.o(.ARM.Collect$$rtexit$$00000003)
    __rt_exit_prels_1                        0x00000167   Thumb Code     0  rtexit2.o(.ARM.Collect$$rtexit$$00000002)
    __rt_exit_exit                           0x0000016b   Thumb Code     0  rtexit2.o(.ARM.Collect$$rtexit$$00000004)
    Reset_Handler                            0x00000171   Thumb Code     4  startup_lpc17xx.o(.text)
    NMI_Handler                              0x00000175   Thumb Code     2  startup_lpc17xx.o(.text)
    HardFault_Handler                        0x00000177   Thumb Code     2  startup_lpc17xx.o(.text)
    MemManage_Handler                        0x00000179   Thumb Code     2  startup_lpc17xx.o(.text)
    BusFault_Handler                         0x0000017b   Thumb Code     2  startup_lpc17xx.o(.text)
    UsageFault_Handler                       0x0000017d   Thumb Code     2  startup_lpc17xx.o(.text)
    SVC_Handler                              0x0000017f   Thumb Code     2  startup_lpc17xx.o(.text)
    DebugMon_Handler                         0x00000181   Thumb Code     2  startup_lpc17xx.o(.text)
    PendSV_Handler                           0x00000183   Thumb Code     2  startup_lpc17xx.o(.text)
    SysTick_Handler                          0x00000185   Thumb Code     2  startup_lpc17xx.o(.text)
    ADC_IRQHandler                           0x00000187   Thumb Code     0  startup_lpc17xx.o(.text)
    BOD_IRQHandler                           0x00000187   Thumb Code     0  startup_lpc17xx.o(.text)
    CANActivity_IRQHandler                   0x00000187   Thumb Code     0  startup_lpc17xx.o(.text)
    DMA_IRQHandler                           0x00000187   Thumb Code     0  startup_lpc17xx.o(.text)
    EINT3_IRQHandler                         0x00000187   Thumb Code     0  startup_lpc17xx.o(.text)
    ENET_IRQHandler                          0x00000187   Thumb Code     0  startup_lpc17xx.o(.text)
    I2C0_IRQHandler                          0x00000187   Thumb Code     0  startup_lpc17xx.o(.text)
    I2C1_IRQHandler                          0x00000187   Thumb Code     0  startup_lpc17xx.o(.text)
    I2C2_IRQHandler                          0x00000187   Thumb Code     0  startup_lpc17xx.o(.text)
    I2S_IRQHandler                           0x00000187   Thumb Code     0  startup_lpc17xx.o(.text)
    MCPWM_IRQHandler                         0x00000187   Thumb Code     0  startup_lpc17xx.o(.text)
    PLL0_IRQHandler                          0x00000187   Thumb Code     0  startup_lpc17xx.o(.text)
    PLL1_IRQHandler                          0x00000187   Thumb Code     0  startup_lpc17xx.o(.text)
    PWM1_IRQHandler                          0x00000187   Thumb Code     0  startup_lpc17xx.o(.text)
    QEI_IRQHandler                           0x00000187   Thumb Code     0  startup_lpc17xx.o(.text)
    RTC_IRQHandler                           0x00000187   Thumb Code     0  startup_lpc17xx.o(.text)
    SPI_IRQHandler                           0x00000187   Thumb Code     0  startup_lpc17xx.o(.text)
    SSP0_IRQHandler                          0x00000187   Thumb Code     0  startup_lpc17xx.o(.text)
    SSP1_IRQHandler                          0x00000187   Thumb Code     0  startup_lpc17xx.o(.text)
    TIMER2_IRQHandler                        0x00000187   Thumb Code     0  startup_lpc17xx.o(.text)
    TIMER3_IRQHandler                        0x00000187   Thumb Code     0  startup_lpc17xx.o(.text)
    UART0_IRQHandler                         0x00000187   Thumb Code     0  startup_lpc17xx.o(.text)
    UART1_IRQHandler                         0x00000187   Thumb Code     0  startup_lpc17xx.o(.text)
    UART2_IRQHandler                         0x00000187   Thumb Code     0  startup_lpc17xx.o(.text)
    UART3_IRQHandler                         0x00000187   Thumb Code     0  startup_lpc17xx.o(.text)
    USBActivity_IRQHandler                   0x00000187   Thumb Code     0  startup_lpc17xx.o(.text)
    USB_IRQHandler                           0x00000187   Thumb Code     0  startup_lpc17xx.o(.text)
    WDT_IRQHandler                           0x00000187   Thumb Code     0  startup_lpc17xx.o(.text)
    __user_initial_stackheap                 0x00000189   Thumb Code     0  startup_lpc17xx.o(.text)
    main                                     0x000001a5   Thumb Code    80  sample.o(.text)
    enable_timer                             0x00000223   Thumb Code    20  lib_timer.o(.text)
    disable_timer                            0x00000237   Thumb Code    20  lib_timer.o(.text)
    reset_timer                              0x0000024b   Thumb Code    30  lib_timer.o(.text)
    init_timer                               0x00000269   Thumb Code    60  lib_timer.o(.text)
    GetASCIICode                             0x000002a9   Thumb Code    26  asciilib.o(.text)
    __2sprintf                               0x000002c9   Thumb Code    34  noretval__2sprintf.o(.text)
    __use_two_region_memory                  0x000002f1   Thumb Code     2  heapauxi.o(.text)
    __rt_heap_escrow$2region                 0x000002f3   Thumb Code     2  heapauxi.o(.text)
    __rt_heap_expand$2region                 0x000002f5   Thumb Code     2  heapauxi.o(.text)
    __I$use$semihosting                      0x000002f7   Thumb Code     0  use_no_semi.o(.text)
    __use_no_semihosting_swi                 0x000002f7   Thumb Code     2  use_no_semi.o(.text)
    __I$use$fp                               0x000002f8   Number         0  usenofp.o(x$fpl$usenofp)
    __semihosting_library_function           0x000002f9   Thumb Code     0  indicate_semi.o(.text)
    SystemInit                               0x00000301   Thumb Code   526  system_lpc17xx.o(.text)
    TIMER0_IRQHandler                        0x0000052d   Thumb Code   594  irq_timer.o(.text)
    TIMER1_IRQHandler                        0x0000077f   Thumb Code     8  irq_timer.o(.text)
    LCD_Initialization                       0x00000dd7   Thumb Code 12014  glcd.o(.text)
    LCD_Clear                                0x00003cc5   Thumb Code  1520  glcd.o(.text)
    LCD_GetPoint                             0x000042cf   Thumb Code   994  glcd.o(.text)
    LCD_SetPoint                             0x000046b1   Thumb Code   206  glcd.o(.text)
    LCD_DrawLine                             0x0000477f   Thumb Code   250  glcd.o(.text)
    PutChar                                  0x00004879   Thumb Code   100  glcd.o(.text)
    GUI_Text                                 0x000048dd   Thumb Code    80  glcd.o(.text)
    LPC17xx_SPI_SetSpeed                     0x00004931   Thumb Code    16  touchpanel.o(.text)
    TP_Init                                  0x000049c1   Thumb Code    30  touchpanel.o(.text)
    Read_X                                   0x00004a5d   Thumb Code    42  touchpanel.o(.text)
    Read_Y                                   0x00004a87   Thumb Code    42  touchpanel.o(.text)
    TP_GetAdXY                               0x00004ab1   Thumb Code    34  touchpanel.o(.text)
    TP_DrawPoint                             0x00004ad3   Thumb Code    20  touchpanel.o(.text)
    DrawCross                                0x00004ae7   Thumb Code   356  touchpanel.o(.text)
    DeleteCross                              0x00004c4b   Thumb Code   350  touchpanel.o(.text)
    Read_Ads7846                             0x00004da9   Thumb Code   502  touchpanel.o(.text)
    setCalibrationMatrix                     0x00004f9f   Thumb Code   356  touchpanel.o(.text)
    getDisplayPoint                          0x00005103   Thumb Code   262  touchpanel.o(.text)
    TouchPanel_Calibrate                     0x00005209   Thumb Code   120  touchpanel.o(.text)
    BUTTON_init                              0x000052f3   Thumb Code   124  lib_button.o(.text)
    EINT0_IRQHandler                         0x000053a3   Thumb Code    42  irq_button.o(.text)
    EINT1_IRQHandler                         0x000053cd   Thumb Code    42  irq_button.o(.text)
    EINT2_IRQHandler                         0x000053f7   Thumb Code    42  irq_button.o(.text)
    joystick_init                            0x0000543d   Thumb Code   122  lib_joystick.o(.text)
    RIT_IRQHandler                           0x000054e3   Thumb Code   798  irq_rit.o(.text)
    enable_RIT                               0x00005845   Thumb Code    14  lib_rit.o(.text)
    disable_RIT                              0x00005853   Thumb Code    14  lib_rit.o(.text)
    reset_RIT                                0x00005861   Thumb Code     8  lib_rit.o(.text)
    init_RIT                                 0x00005869   Thumb Code    98  lib_rit.o(.text)
    DrawSquare                               0x000058d9   Thumb Code   124  myfunc.o(.text)
    DrawRectangle                            0x00005955   Thumb Code   140  myfunc.o(.text)
    DrawMatrix                               0x000059e1   Thumb Code    68  myfunc.o(.text)
    CleanSquare                              0x00005a25   Thumb Code    60  myfunc.o(.text)
    DrawWall                                 0x00005a61   Thumb Code    78  myfunc.o(.text)
    quoridor                                 0x00005aaf   Thumb Code   494  myfunc.o(.text)
    schermata_iniziale                       0x00005c9d   Thumb Code    88  myfunc.o(.text)
    start_menu                               0x00005cf5   Thumb Code   156  myfunc.o(.text)
    start_menu_one_board                     0x00005d91   Thumb Code    94  myfunc.o(.text)
    selected_menu_up                         0x00005def   Thumb Code    38  myfunc.o(.text)
    selected_menu_down                       0x00005e15   Thumb Code    38  myfunc.o(.text)
    hasPath                                  0x00005e3b   Thumb Code   758  myfunc.o(.text)
    hasPath_2                                0x00006131   Thumb Code   556  myfunc.o(.text)
    pressedINT0                              0x0000635d   Thumb Code    30  myfunc.o(.text)
    pressedKey1                              0x0000637b   Thumb Code     8  myfunc.o(.text)
    pressedKey2                              0x00006383   Thumb Code     8  myfunc.o(.text)
    send_handshake                           0x0000638b   Thumb Code    30  myfunc.o(.text)
    send_response                            0x000063a9   Thumb Code    30  myfunc.o(.text)
    start_game_NPC                           0x000063e1   Thumb Code   236  myfuncnpc.o(.text)
    move_upWall_NPC                          0x000064cd   Thumb Code   434  myfuncnpc.o(.text)
    move_downWall_NPC                        0x0000667f   Thumb Code   500  myfuncnpc.o(.text)
    move_rightWall_NPC                       0x00006873   Thumb Code   434  myfuncnpc.o(.text)
    move_leftWall_NPC                        0x00006a25   Thumb Code   434  myfuncnpc.o(.text)
    move_up_NPC                              0x00006bd7   Thumb Code   412  myfuncnpc.o(.text)
    move_down_NPC                            0x00006d73   Thumb Code   362  myfuncnpc.o(.text)
    move_left_NPC                            0x00006edd   Thumb Code   364  myfuncnpc.o(.text)
    move_right_NPC                           0x00007049   Thumb Code   404  myfuncnpc.o(.text)
    possible_moves_p1_NPC                    0x000071dd   Thumb Code   924  myfuncnpc.o(.text)
    delete_possible_moves_p1_NPC             0x00007579   Thumb Code   300  myfuncnpc.o(.text)
    check_gameOver_NPC                       0x000076a5   Thumb Code   368  myfuncnpc.o(.text)
    sel_NPC                                  0x00007815   Thumb Code  4434  myfuncnpc.o(.text)
    NPC                                      0x00008967   Thumb Code  1638  myfuncnpc.o(.text)
    handler_RIT_NPC                          0x00008fcd   Thumb Code  1152  myfuncnpc.o(.text)
    move_upWall                              0x00009479   Thumb Code   434  myfunctwoplayer.o(.text)
    move_downWall                            0x0000962b   Thumb Code   436  myfunctwoplayer.o(.text)
    move_rightWall                           0x000097df   Thumb Code   454  myfunctwoplayer.o(.text)
    move_leftWall                            0x000099a5   Thumb Code   434  myfunctwoplayer.o(.text)
    move_up                                  0x00009b57   Thumb Code   846  myfunctwoplayer.o(.text)
    move_down                                0x00009ea5   Thumb Code   846  myfunctwoplayer.o(.text)
    move_left                                0x0000a1f3   Thumb Code   856  myfunctwoplayer.o(.text)
    move_right                               0x0000a54b   Thumb Code   792  myfunctwoplayer.o(.text)
    possible_moves_p1                        0x0000a863   Thumb Code   942  myfunctwoplayer.o(.text)
    possible_moves_p2                        0x0000ac11   Thumb Code   922  myfunctwoplayer.o(.text)
    delete_possible_moves_p1                 0x0000afab   Thumb Code   300  myfunctwoplayer.o(.text)
    delete_possible_moves_p2                 0x0000b0d7   Thumb Code   334  myfunctwoplayer.o(.text)
    check_gameOver                           0x0000b225   Thumb Code   332  myfunctwoplayer.o(.text)
    HANDLER                                  0x0000b371   Thumb Code  2046  myfunctwoplayer.o(.text)
    sel                                      0x0000bb6f   Thumb Code  4562  myfunctwoplayer.o(.text)
    RotateWall                               0x0000cd41   Thumb Code    92  myfunctwoplayer.o(.text)
    place_wall_two_player                    0x0000cd9d   Thumb Code   308  myfunctwoplayer.o(.text)
    rotate_wall_two_player                   0x0000ced1   Thumb Code   340  myfunctwoplayer.o(.text)
    start_game_two_player_one_board          0x0000d025   Thumb Code   236  myfunctwoplayer.o(.text)
    move_upWall_CAN                          0x0000d13d   Thumb Code   434  myfunctwoplayercan.o(.text)
    move_downWall_CAN                        0x0000d2ef   Thumb Code   436  myfunctwoplayercan.o(.text)
    move_rightWall_CAN                       0x0000d4a3   Thumb Code   454  myfunctwoplayercan.o(.text)
    move_leftWall_CAN                        0x0000d669   Thumb Code   434  myfunctwoplayercan.o(.text)
    move_up_CAN                              0x0000d81b   Thumb Code   576  myfunctwoplayercan.o(.text)
    move_down_CAN                            0x0000da5b   Thumb Code   524  myfunctwoplayercan.o(.text)
    move_left_CAN                            0x0000dc67   Thumb Code   406  myfunctwoplayercan.o(.text)
    move_right_CAN                           0x0000ddfd   Thumb Code   362  myfunctwoplayercan.o(.text)
    possible_moves_p1_CAN                    0x0000df67   Thumb Code   926  myfunctwoplayercan.o(.text)
    possible_moves_p2_CAN                    0x0000e305   Thumb Code     2  myfunctwoplayercan.o(.text)
    delete_possible_moves_p1_CAN             0x0000e307   Thumb Code   300  myfunctwoplayercan.o(.text)
    delete_possible_moves_p2_CAN             0x0000e433   Thumb Code     2  myfunctwoplayercan.o(.text)
    check_gameOver_CAN                       0x0000e435   Thumb Code   332  myfunctwoplayercan.o(.text)
    handler_CAN                              0x0000e581   Thumb Code  2044  myfunctwoplayercan.o(.text)
    sel_CAN                                  0x0000ed7d   Thumb Code  2328  myfunctwoplayercan.o(.text)
    RotateWall_CAN                           0x0000f695   Thumb Code    92  myfunctwoplayercan.o(.text)
    place_wall_two_player_CAN                0x0000f6f1   Thumb Code   370  myfunctwoplayercan.o(.text)
    start_game_two_player_two_board          0x0000f863   Thumb Code   230  myfunctwoplayercan.o(.text)
    start_connection                         0x0000f949   Thumb Code   108  myfunctwoplayercan.o(.text)
    CAN_IRQHandler                           0x0000fa4d   Thumb Code   108  irq_can.o(.text)
    CAN_setup                                0x0000fb35   Thumb Code   140  lib_can.o(.text)
    CAN_start                                0x0000fbc1   Thumb Code    18  lib_can.o(.text)
    CAN_waitReady                            0x0000fbd3   Thumb Code    26  lib_can.o(.text)
    CAN_wrMsg                                0x0000fbed   Thumb Code    84  lib_can.o(.text)
    CAN_rdMsg                                0x0000fc41   Thumb Code    52  lib_can.o(.text)
    CAN_wrFilter                             0x0000fc75   Thumb Code   822  lib_can.o(.text)
    CAN_Init                                 0x0000ffab   Thumb Code    40  lib_can.o(.text)
    _printf_pre_padding                      0x0000ffe5   Thumb Code    44  _printf_pad.o(.text)
    _printf_post_padding                     0x00010011   Thumb Code    34  _printf_pad.o(.text)
    _printf_int_dec                          0x00010035   Thumb Code   104  _printf_dec.o(.text)
    __printf                                 0x000100ad   Thumb Code   270  __printf_wp.o(.text)
    __aeabi_memcpy                           0x000101bb   Thumb Code     0  rt_memcpy_v6.o(.text)
    __rt_memcpy                              0x000101bb   Thumb Code   138  rt_memcpy_v6.o(.text)
    _memcpy_lastbytes                        0x00010221   Thumb Code     0  rt_memcpy_v6.o(.text)
    __aeabi_memclr4                          0x00010245   Thumb Code     0  rt_memclr_w.o(.text)
    __aeabi_memclr8                          0x00010245   Thumb Code     0  rt_memclr_w.o(.text)
    __rt_memclr_w                            0x00010245   Thumb Code    78  rt_memclr_w.o(.text)
    _memset_w                                0x00010249   Thumb Code     0  rt_memclr_w.o(.text)
    _printf_int_common                       0x00010293   Thumb Code   178  _printf_intcommon.o(.text)
    _printf_char_common                      0x0001034f   Thumb Code    32  _printf_char_common.o(.text)
    _sputc                                   0x00010375   Thumb Code    10  _sputc.o(.text)
    __aeabi_memcpy4                          0x0001037f   Thumb Code     0  rt_memcpy_w.o(.text)
    __aeabi_memcpy8                          0x0001037f   Thumb Code     0  rt_memcpy_w.o(.text)
    __rt_memcpy_w                            0x0001037f   Thumb Code   100  rt_memcpy_w.o(.text)
    _memcpy_lastbytes_aligned                0x000103c7   Thumb Code     0  rt_memcpy_w.o(.text)
    __user_setup_stackheap                   0x000103e3   Thumb Code    74  sys_stackheap_outer.o(.text)
    exit                                     0x0001042d   Thumb Code    18  exit.o(.text)
    __user_libspace                          0x00010441   Thumb Code     8  libspace.o(.text)
    __user_perproc_libspace                  0x00010441   Thumb Code     0  libspace.o(.text)
    __user_perthread_libspace                0x00010441   Thumb Code     0  libspace.o(.text)
    _sys_exit                                0x00010449   Thumb Code     8  sys_exit.o(.text)
    _is_digit                                0x00010455   Thumb Code    14  __printf_wp.o(i._is_digit)
    __aeabi_dadd                             0x00010465   Thumb Code     0  daddsub_clz.o(x$fpl$dadd)
    _dadd                                    0x00010465   Thumb Code   332  daddsub_clz.o(x$fpl$dadd)
    __fpl_dcmp_Inf                           0x000105b5   Thumb Code    24  dcmpi.o(x$fpl$dcmpinf)
    __aeabi_ddiv                             0x000105cd   Thumb Code     0  ddiv.o(x$fpl$ddiv)
    _ddiv                                    0x000105cd   Thumb Code   552  ddiv.o(x$fpl$ddiv)
    __aeabi_cdcmpeq                          0x0001087d   Thumb Code     0  deqf.o(x$fpl$deqf)
    _dcmpeq                                  0x0001087d   Thumb Code   120  deqf.o(x$fpl$deqf)
    __aeabi_d2uiz                            0x000108f5   Thumb Code     0  dfixu.o(x$fpl$dfixu)
    _dfixu                                   0x000108f5   Thumb Code    90  dfixu.o(x$fpl$dfixu)
    __aeabi_i2d                              0x0001094f   Thumb Code     0  dflt_clz.o(x$fpl$dflt)
    _dflt                                    0x0001094f   Thumb Code    46  dflt_clz.o(x$fpl$dflt)
    __aeabi_ui2d                             0x0001097d   Thumb Code     0  dflt_clz.o(x$fpl$dfltu)
    _dfltu                                   0x0001097d   Thumb Code    38  dflt_clz.o(x$fpl$dfltu)
    __aeabi_dmul                             0x000109a5   Thumb Code     0  dmul.o(x$fpl$dmul)
    _dmul                                    0x000109a5   Thumb Code   332  dmul.o(x$fpl$dmul)
    __fpl_dnaninf                            0x00010af9   Thumb Code   156  dnaninf.o(x$fpl$dnaninf)
    __fpl_dretinf                            0x00010b95   Thumb Code    12  dretinf.o(x$fpl$dretinf)
    __aeabi_dsub                             0x00010ba1   Thumb Code     0  daddsub_clz.o(x$fpl$dsub)
    _dsub                                    0x00010ba1   Thumb Code   464  daddsub_clz.o(x$fpl$dsub)
    CAN_BIT_TIME                             0x00011364   Data          68  lib_can.o(.constdata)
    Region$$Table$$Base                      0x000113a8   Number         0  anon$$obj.o(Region$$Table)
    Region$$Table$$Limit                     0x000113d8   Number         0  anon$$obj.o(Region$$Table)
    SystemFrequency                          0x2007c000   Data           4  system_lpc17xx.o(.data)
    timeout                                  0x2007c004   Data           4  irq_timer.o(.data)
    time                                     0x2007c008   Data           4  irq_timer.o(.data)
    loading                                  0x2007c00c   Data           4  irq_timer.o(.data)
    loading_time                             0x2007c010   Data           4  irq_timer.o(.data)
    timeout_connection                       0x2007c014   Data           4  irq_timer.o(.data)
    num_point_loading                        0x2007c018   Data           4  irq_timer.o(.data)
    count_menu                               0x2007c01c   Data           4  irq_timer.o(.data)
    display                                  0x2007c02a   Data           4  touchpanel.o(.data)
    DisplaySample                            0x2007c02e   Data          12  touchpanel.o(.data)
    down_0                                   0x2007c040   Data           4  irq_rit.o(.data)
    down_1                                   0x2007c044   Data           4  irq_rit.o(.data)
    down_2                                   0x2007c048   Data           4  irq_rit.o(.data)
    select                                   0x2007c04c   Data           4  irq_rit.o(.data)
    left                                     0x2007c050   Data           4  irq_rit.o(.data)
    right                                    0x2007c054   Data           4  irq_rit.o(.data)
    up                                       0x2007c058   Data           4  irq_rit.o(.data)
    down                                     0x2007c05c   Data           4  irq_rit.o(.data)
    num                                      0x2007c060   Data           4  irq_rit.o(.data)
    count_moves                              0x2007c064   Data           4  myfunc.o(.data)
    turn                                     0x2007c068   Data           4  myfunc.o(.data)
    menu_sel                                 0x2007c06c   Data           4  myfunc.o(.data)
    menu                                     0x2007c070   Data           4  myfunc.o(.data)
    length                                   0x2007c074   Data           2  myfunc.o(.data)
    offset                                   0x2007c078   Data           4  myfunc.o(.data)
    offsetWall                               0x2007c07c   Data           4  myfunc.o(.data)
    p1X                                      0x2007c080   Data           2  myfunc.o(.data)
    p1Y                                      0x2007c082   Data           2  myfunc.o(.data)
    p2X                                      0x2007c084   Data           2  myfunc.o(.data)
    p2Y                                      0x2007c086   Data           2  myfunc.o(.data)
    check_p1X                                0x2007c088   Data           2  myfunc.o(.data)
    check_p1Y                                0x2007c08a   Data           2  myfunc.o(.data)
    check_p2X                                0x2007c08c   Data           2  myfunc.o(.data)
    check_p2Y                                0x2007c08e   Data           2  myfunc.o(.data)
    startX                                   0x2007c090   Data           4  myfunc.o(.data)
    startY                                   0x2007c094   Data           4  myfunc.o(.data)
    squareSize                               0x2007c098   Data           4  myfunc.o(.data)
    spacing                                  0x2007c09c   Data           4  myfunc.o(.data)
    rows                                     0x2007c0a0   Data           4  myfunc.o(.data)
    cols                                     0x2007c0a4   Data           4  myfunc.o(.data)
    p1W                                      0x2007c0a8   Data           2  myfunc.o(.data)
    p2W                                      0x2007c0aa   Data           2  myfunc.o(.data)
    count                                    0x2007c0ac   Data           4  myfunc.o(.data)
    key1                                     0x2007c0b0   Data           4  myfunc.o(.data)
    i                                        0x2007c0b4   Data           4  myfunc.o(.data)
    j                                        0x2007c0b8   Data           4  myfunc.o(.data)
    newWall2                                 0x2007c0bc   Data           6  myfunc.o(.data)
    wall_length                              0x2007c0c2   Data           2  myfunc.o(.data)
    turn_in_char                             0x2007c0c4   Data           5  myfunc.o(.data)
    c                                        0x2007c0cc   Data           4  myfuncnpc.o(.data)
    wall                                     0x2007c0d0   Data           6  myfuncnpc.o(.data)
    two_player_one_board                     0x2007c0d8   Data           4  myfunctwoplayer.o(.data)
    two_player_two_board                     0x2007c0dc   Data           4  myfunctwoplayer.o(.data)
    one_player_one_board                     0x2007c0e0   Data           4  myfunctwoplayer.o(.data)
    rotatedX1                                0x2007c0e4   Data           4  myfunctwoplayer.o(.data)
    rotatedY1                                0x2007c0e8   Data           4  myfunctwoplayer.o(.data)
    rotatedX2                                0x2007c0ec   Data           4  myfunctwoplayer.o(.data)
    rotatedY2                                0x2007c0f0   Data           4  myfunctwoplayer.o(.data)
    i2                                       0x2007c0f4   Data           4  myfunctwoplayer.o(.data)
    j2                                       0x2007c0f8   Data           4  myfunctwoplayer.o(.data)
    val_RxCoordX                             0x2007c0fc   Data           2  irq_can.o(.data)
    val_RxCoordY                             0x2007c0fe   Data           2  irq_can.o(.data)
    handshake                                0x2007c100   Data           4  irq_can.o(.data)
    icr                                      0x2007c104   Data           1  lib_can.o(.data)
    result                                   0x2007c108   Data           4  lib_can.o(.data)
    matrix                                   0x2007c118   Data          56  touchpanel.o(.bss)
    ScreenSample                             0x2007c150   Data          12  touchpanel.o(.bss)
    moves                                    0x2007c15c   Data         400  myfunc.o(.bss)
    board                                    0x2007c2ec   Data         196  myfunc.o(.bss)
    wallO_board                              0x2007c3b0   Data         196  myfunc.o(.bss)
    wallV_board                              0x2007c474   Data         196  myfunc.o(.bss)
    visited                                  0x2007c538   Data         196  myfunc.o(.bss)
    CAN_TxMsg                                0x2007c5fc   Data          16  lib_can.o(.bss)
    CAN_RxMsg                                0x2007c60c   Data          16  lib_can.o(.bss)
    __libspace_start                         0x2007c61c   Data          96  libspace.o(.bss)
    __temporary_stack_top$libspace           0x2007c67c   Data           0  libspace.o(.bss)



==============================================================================

Memory Map of the image

  Image Entry point : 0x000000cd

  Load Region LR_IROM1 (Base: 0x00000000, Size: 0x000114ec, Max: 0x00080000, ABSOLUTE)

    Execution Region ER_IROM1 (Exec base: 0x00000000, Load base: 0x00000000, Size: 0x000113d8, Max: 0x00080000, ABSOLUTE)

    Exec Addr    Load Addr    Size         Type   Attr      Idx    E Section Name        Object

    0x00000000   0x00000000   0x000000cc   Data   RO            3    RESET               startup_lpc17xx.o
    0x000000cc   0x000000cc   0x00000008   Code   RO          699  * !!!main             c_w.l(__main.o)
    0x000000d4   0x000000d4   0x00000034   Code   RO          900    !!!scatter          c_w.l(__scatter.o)
    0x00000108   0x00000108   0x0000001a   Code   RO          902    !!handler_copy      c_w.l(__scatter_copy.o)
    0x00000122   0x00000122   0x00000002   PAD
    0x00000124   0x00000124   0x0000001c   Code   RO          904    !!handler_zi        c_w.l(__scatter_zi.o)
    0x00000140   0x00000140   0x00000000   Code   RO          692    .ARM.Collect$$_printf_percent$$00000000  c_w.l(_printf_percent.o)
    0x00000140   0x00000140   0x00000006   Code   RO          691    .ARM.Collect$$_printf_percent$$00000009  c_w.l(_printf_d.o)
    0x00000146   0x00000146   0x00000004   Code   RO          732    .ARM.Collect$$_printf_percent$$00000017  c_w.l(_printf_percent_end.o)
    0x0000014a   0x0000014a   0x00000002   Code   RO          768    .ARM.Collect$$libinit$$00000000  c_w.l(libinit.o)
    0x0000014c   0x0000014c   0x00000000   Code   RO          775    .ARM.Collect$$libinit$$00000002  c_w.l(libinit2.o)
    0x0000014c   0x0000014c   0x00000000   Code   RO          777    .ARM.Collect$$libinit$$00000004  c_w.l(libinit2.o)
    0x0000014c   0x0000014c   0x00000000   Code   RO          780    .ARM.Collect$$libinit$$0000000A  c_w.l(libinit2.o)
    0x0000014c   0x0000014c   0x00000000   Code   RO          782    .ARM.Collect$$libinit$$0000000C  c_w.l(libinit2.o)
    0x0000014c   0x0000014c   0x00000000   Code   RO          784    .ARM.Collect$$libinit$$0000000E  c_w.l(libinit2.o)
    0x0000014c   0x0000014c   0x00000000   Code   RO          787    .ARM.Collect$$libinit$$00000011  c_w.l(libinit2.o)
    0x0000014c   0x0000014c   0x00000000   Code   RO          789    .ARM.Collect$$libinit$$00000013  c_w.l(libinit2.o)
    0x0000014c   0x0000014c   0x00000000   Code   RO          791    .ARM.Collect$$libinit$$00000015  c_w.l(libinit2.o)
    0x0000014c   0x0000014c   0x00000000   Code   RO          793    .ARM.Collect$$libinit$$00000017  c_w.l(libinit2.o)
    0x0000014c   0x0000014c   0x00000000   Code   RO          795    .ARM.Collect$$libinit$$00000019  c_w.l(libinit2.o)
    0x0000014c   0x0000014c   0x00000000   Code   RO          797    .ARM.Collect$$libinit$$0000001B  c_w.l(libinit2.o)
    0x0000014c   0x0000014c   0x00000000   Code   RO          799    .ARM.Collect$$libinit$$0000001D  c_w.l(libinit2.o)
    0x0000014c   0x0000014c   0x00000000   Code   RO          801    .ARM.Collect$$libinit$$0000001F  c_w.l(libinit2.o)
    0x0000014c   0x0000014c   0x00000000   Code   RO          803    .ARM.Collect$$libinit$$00000021  c_w.l(libinit2.o)
    0x0000014c   0x0000014c   0x00000000   Code   RO          805    .ARM.Collect$$libinit$$00000023  c_w.l(libinit2.o)
    0x0000014c   0x0000014c   0x00000000   Code   RO          807    .ARM.Collect$$libinit$$00000025  c_w.l(libinit2.o)
    0x0000014c   0x0000014c   0x00000000   Code   RO          811    .ARM.Collect$$libinit$$0000002C  c_w.l(libinit2.o)
    0x0000014c   0x0000014c   0x00000000   Code   RO          813    .ARM.Collect$$libinit$$0000002E  c_w.l(libinit2.o)
    0x0000014c   0x0000014c   0x00000000   Code   RO          815    .ARM.Collect$$libinit$$00000030  c_w.l(libinit2.o)
    0x0000014c   0x0000014c   0x00000000   Code   RO          817    .ARM.Collect$$libinit$$00000032  c_w.l(libinit2.o)
    0x0000014c   0x0000014c   0x00000002   Code   RO          818    .ARM.Collect$$libinit$$00000033  c_w.l(libinit2.o)
    0x0000014e   0x0000014e   0x00000002   Code   RO          838    .ARM.Collect$$libshutdown$$00000000  c_w.l(libshutdown.o)
    0x00000150   0x00000150   0x00000000   Code   RO          851    .ARM.Collect$$libshutdown$$00000002  c_w.l(libshutdown2.o)
    0x00000150   0x00000150   0x00000000   Code   RO          853    .ARM.Collect$$libshutdown$$00000004  c_w.l(libshutdown2.o)
    0x00000150   0x00000150   0x00000000   Code   RO          855    .ARM.Collect$$libshutdown$$00000006  c_w.l(libshutdown2.o)
    0x00000150   0x00000150   0x00000000   Code   RO          858    .ARM.Collect$$libshutdown$$00000009  c_w.l(libshutdown2.o)
    0x00000150   0x00000150   0x00000000   Code   RO          861    .ARM.Collect$$libshutdown$$0000000C  c_w.l(libshutdown2.o)
    0x00000150   0x00000150   0x00000000   Code   RO          863    .ARM.Collect$$libshutdown$$0000000E  c_w.l(libshutdown2.o)
    0x00000150   0x00000150   0x00000000   Code   RO          866    .ARM.Collect$$libshutdown$$00000011  c_w.l(libshutdown2.o)
    0x00000150   0x00000150   0x00000002   Code   RO          867    .ARM.Collect$$libshutdown$$00000012  c_w.l(libshutdown2.o)
    0x00000152   0x00000152   0x00000000   Code   RO          725    .ARM.Collect$$rtentry$$00000000  c_w.l(__rtentry.o)
    0x00000152   0x00000152   0x00000000   Code   RO          743    .ARM.Collect$$rtentry$$00000002  c_w.l(__rtentry2.o)
    0x00000152   0x00000152   0x00000006   Code   RO          755    .ARM.Collect$$rtentry$$00000004  c_w.l(__rtentry4.o)
    0x00000158   0x00000158   0x00000000   Code   RO          745    .ARM.Collect$$rtentry$$00000009  c_w.l(__rtentry2.o)
    0x00000158   0x00000158   0x00000004   Code   RO          746    .ARM.Collect$$rtentry$$0000000A  c_w.l(__rtentry2.o)
    0x0000015c   0x0000015c   0x00000000   Code   RO          748    .ARM.Collect$$rtentry$$0000000C  c_w.l(__rtentry2.o)
    0x0000015c   0x0000015c   0x00000008   Code   RO          749    .ARM.Collect$$rtentry$$0000000D  c_w.l(__rtentry2.o)
    0x00000164   0x00000164   0x00000002   Code   RO          772    .ARM.Collect$$rtexit$$00000000  c_w.l(rtexit.o)
    0x00000166   0x00000166   0x00000000   Code   RO          820    .ARM.Collect$$rtexit$$00000002  c_w.l(rtexit2.o)
    0x00000166   0x00000166   0x00000004   Code   RO          821    .ARM.Collect$$rtexit$$00000003  c_w.l(rtexit2.o)
    0x0000016a   0x0000016a   0x00000006   Code   RO          822    .ARM.Collect$$rtexit$$00000004  c_w.l(rtexit2.o)
    0x00000170   0x00000170   0x00000034   Code   RO            5    .text               startup_lpc17xx.o
    0x000001a4   0x000001a4   0x0000005c   Code   RO           16    .text               sample.o
    0x00000200   0x00000200   0x000000a8   Code   RO          177    .text               lib_timer.o
    0x000002a8   0x000002a8   0x00000020   Code   RO          202    .text               asciilib.o
    0x000002c8   0x000002c8   0x00000028   Code   RO          663    .text               c_w.l(noretval__2sprintf.o)
    0x000002f0   0x000002f0   0x00000006   Code   RO          697    .text               c_w.l(heapauxi.o)
    0x000002f6   0x000002f6   0x00000002   Code   RO          841    .text               c_w.l(use_no_semi.o)
    0x000002f8   0x000002f8   0x00000000   Code   RO          843    .text               c_w.l(indicate_semi.o)
    0x000002f8   0x000002f8   0x00000000   Code   RO          741    x$fpl$usenofp       fz_ws.l(usenofp.o)
    0x000002f8   0x000002f8   0x00000004   PAD
    0x000002fc   0x000002fc   0x00000004   Code   RO            4    .ARM.__at_0x02FC    startup_lpc17xx.o
    0x00000300   0x00000300   0x0000022c   Code   RO           95    .text               system_lpc17xx.o
    0x0000052c   0x0000052c   0x00000320   Code   RO          122    .text               irq_timer.o
    0x0000084c   0x0000084c   0x000040e4   Code   RO          222    .text               glcd.o
    0x00004930   0x00004930   0x00000980   Code   RO          268    .text               touchpanel.o
    0x000052b0   0x000052b0   0x000000d4   Code   RO          302    .text               lib_button.o
    0x00005384   0x00005384   0x000000b8   Code   RO          330    .text               irq_button.o
    0x0000543c   0x0000543c   0x00000084   Code   RO          372    .text               lib_joystick.o
    0x000054c0   0x000054c0   0x00000384   Code   RO          396    .text               irq_rit.o
    0x00005844   0x00005844   0x00000094   Code   RO          430    .text               lib_rit.o
    0x000058d8   0x000058d8   0x00000b08   Code   RO          458    .text               myfunc.o
    0x000063e0   0x000063e0   0x00003098   Code   RO          504    .text               myfuncnpc.o
    0x00009478   0x00009478   0x00003cc4   Code   RO          532    .text               myfunctwoplayer.o
    0x0000d13c   0x0000d13c   0x00002910   Code   RO          560    .text               myfunctwoplayercan.o
    0x0000fa4c   0x0000fa4c   0x00000080   Code   RO          588    .text               irq_can.o
    0x0000facc   0x0000facc   0x00000518   Code   RO          630    .text               lib_can.o
    0x0000ffe4   0x0000ffe4   0x0000004e   Code   RO          667    .text               c_w.l(_printf_pad.o)
    0x00010032   0x00010032   0x00000002   PAD
    0x00010034   0x00010034   0x00000078   Code   RO          669    .text               c_w.l(_printf_dec.o)
    0x000100ac   0x000100ac   0x0000010e   Code   RO          679    .text               c_w.l(__printf_wp.o)
    0x000101ba   0x000101ba   0x0000008a   Code   RO          693    .text               c_w.l(rt_memcpy_v6.o)
    0x00010244   0x00010244   0x0000004e   Code   RO          695    .text               c_w.l(rt_memclr_w.o)
    0x00010292   0x00010292   0x000000b2   Code   RO          726    .text               c_w.l(_printf_intcommon.o)
    0x00010344   0x00010344   0x00000030   Code   RO          728    .text               c_w.l(_printf_char_common.o)
    0x00010374   0x00010374   0x0000000a   Code   RO          730    .text               c_w.l(_sputc.o)
    0x0001037e   0x0001037e   0x00000064   Code   RO          733    .text               c_w.l(rt_memcpy_w.o)
    0x000103e2   0x000103e2   0x0000004a   Code   RO          759    .text               c_w.l(sys_stackheap_outer.o)
    0x0001042c   0x0001042c   0x00000012   Code   RO          761    .text               c_w.l(exit.o)
    0x0001043e   0x0001043e   0x00000002   PAD
    0x00010440   0x00010440   0x00000008   Code   RO          769    .text               c_w.l(libspace.o)
    0x00010448   0x00010448   0x0000000c   Code   RO          830    .text               c_w.l(sys_exit.o)
    0x00010454   0x00010454   0x0000000e   Code   RO          681    i._is_digit         c_w.l(__printf_wp.o)
    0x00010462   0x00010462   0x00000002   PAD
    0x00010464   0x00010464   0x00000150   Code   RO          701    x$fpl$dadd          fz_ws.l(daddsub_clz.o)
    0x000105b4   0x000105b4   0x00000018   Code   RO          735    x$fpl$dcmpinf       fz_ws.l(dcmpi.o)
    0x000105cc   0x000105cc   0x000002b0   Code   RO          708    x$fpl$ddiv          fz_ws.l(ddiv.o)
    0x0001087c   0x0001087c   0x00000078   Code   RO          711    x$fpl$deqf          fz_ws.l(deqf.o)
    0x000108f4   0x000108f4   0x0000005a   Code   RO          713    x$fpl$dfixu         fz_ws.l(dfixu.o)
    0x0001094e   0x0001094e   0x0000002e   Code   RO          718    x$fpl$dflt          fz_ws.l(dflt_clz.o)
    0x0001097c   0x0001097c   0x00000026   Code   RO          717    x$fpl$dfltu         fz_ws.l(dflt_clz.o)
    0x000109a2   0x000109a2   0x00000002   PAD
    0x000109a4   0x000109a4   0x00000154   Code   RO          723    x$fpl$dmul          fz_ws.l(dmul.o)
    0x00010af8   0x00010af8   0x0000009c   Code   RO          737    x$fpl$dnaninf       fz_ws.l(dnaninf.o)
    0x00010b94   0x00010b94   0x0000000c   Code   RO          739    x$fpl$dretinf       fz_ws.l(dretinf.o)
    0x00010ba0   0x00010ba0   0x000001d4   Code   RO          703    x$fpl$dsub          fz_ws.l(daddsub_clz.o)
    0x00010d74   0x00010d74   0x000005f0   Data   RO          203    .constdata          asciilib.o
    0x00011364   0x00011364   0x00000044   Data   RO          632    .constdata          lib_can.o
    0x000113a8   0x000113a8   0x00000030   Data   RO          898    Region$$Table       anon$$obj.o


    Execution Region RW_IRAM1 (Exec base: 0x10000000, Load base: 0x000113d8, Size: 0x00000ff0, Max: 0x00008000, ABSOLUTE)

    Exec Addr    Load Addr    Size         Type   Attr      Idx    E Section Name        Object

    0x10000000        -       0x00000ff0   Zero   RW            1    STACK               startup_lpc17xx.o


    Execution Region RW_IRAM2 (Exec base: 0x2007c000, Load base: 0x000113d8, Size: 0x00000680, Max: 0x00008000, ABSOLUTE)

    Exec Addr    Load Addr    Size         Type   Attr      Idx    E Section Name        Object

    0x2007c000   0x000113d8   0x00000004   Data   RW           96    .data               system_lpc17xx.o
    0x2007c004   0x000113dc   0x00000024   Data   RW          123    .data               irq_timer.o
    0x2007c028   0x00011400   0x00000001   Data   RW          223    .data               glcd.o
    0x2007c029   0x00011401   0x00000001   PAD
    0x2007c02a   0x00011402   0x00000014   Data   RW          270    .data               touchpanel.o
    0x2007c03e   0x00011416   0x00000002   PAD
    0x2007c040   0x00011418   0x00000024   Data   RW          397    .data               irq_rit.o
    0x2007c064   0x0001143c   0x00000065   Data   RW          460    .data               myfunc.o
    0x2007c0c9   0x000114a1   0x00000003   PAD
    0x2007c0cc   0x000114a4   0x0000000a   Data   RW          505    .data               myfuncnpc.o
    0x2007c0d6   0x000114ae   0x00000002   PAD
    0x2007c0d8   0x000114b0   0x00000024   Data   RW          533    .data               myfunctwoplayer.o
    0x2007c0fc   0x000114d4   0x00000008   Data   RW          589    .data               irq_can.o
    0x2007c104   0x000114dc   0x00000010   Data   RW          633    .data               lib_can.o
    0x2007c114   0x000114ec   0x00000004   PAD
    0x2007c118        -       0x00000044   Zero   RW          269    .bss                touchpanel.o
    0x2007c15c        -       0x000004a0   Zero   RW          459    .bss                myfunc.o
    0x2007c5fc        -       0x00000020   Zero   RW          631    .bss                lib_can.o
    0x2007c61c        -       0x00000060   Zero   RW          770    .bss                c_w.l(libspace.o)
    0x2007c67c   0x000114ec   0x00000004   PAD
    0x2007c680        -       0x00000000   Zero   RW            2    HEAP                startup_lpc17xx.o


==============================================================================

Image component sizes


      Code (inc. data)   RO Data    RW Data    ZI Data      Debug   Object Name

        32          6       1520          0          0       1111   asciilib.o
     16612        104          0          1          0      40175   glcd.o
       184         28          0          0          0        989   irq_button.o
       128         20          0          8          0        863   irq_can.o
       900         68          0         36          0       1770   irq_rit.o
       800        198          0         36          0      18418   irq_timer.o
       212         22          0          0          0        950   lib_button.o
      1304         66         68         16         32       4404   lib_can.o
       132         10          0          0          0        488   lib_joystick.o
       148         14          0          0          0      27479   lib_rit.o
       168          4          0          0          0       1420   lib_timer.o
      2824        122          0        101       1184       7126   myfunc.o
     12440        736          0         10          0       8183   myfuncnpc.o
     15556        984          0         36          0       9800   myfunctwoplayer.o
     10512        732          0          0          0       8301   myfunctwoplayercan.o
        92         12          0          0          0       4999   sample.o
        56         22        204          0       4080       1064   startup_lpc17xx.o
       556         30          0          4          0        875   system_lpc17xx.o
      2432         72          0         20         68       6290   touchpanel.o

    ----------------------------------------------------------------------
     65088       3250       1840        276       5368     144705   Object Totals
         0          0         48          0          0          0   (incl. Generated)
         0          0          0          8          4          0   (incl. Padding)

    ----------------------------------------------------------------------

      Code (inc. data)   RO Data    RW Data    ZI Data      Debug   Library Member Name

         8          0          0          0          0         68   __main.o
       284          0          0          0          0        156   __printf_wp.o
         0          0          0          0          0          0   __rtentry.o
        12          0          0          0          0          0   __rtentry2.o
         6          0          0          0          0          0   __rtentry4.o
        52          8          0          0          0          0   __scatter.o
        26          0          0          0          0          0   __scatter_copy.o
        28          0          0          0          0          0   __scatter_zi.o
        48          6          0          0          0         96   _printf_char_common.o
         6          0          0          0          0          0   _printf_d.o
       120         16          0          0          0         92   _printf_dec.o
       178          0          0          0          0         88   _printf_intcommon.o
        78          0          0          0          0        108   _printf_pad.o
         0          0          0          0          0          0   _printf_percent.o
         4          0          0          0          0          0   _printf_percent_end.o
        10          0          0          0          0         68   _sputc.o
        18          0          0          0          0         80   exit.o
         6          0          0          0          0        152   heapauxi.o
         0          0          0          0          0          0   indicate_semi.o
         2          0          0          0          0          0   libinit.o
         2          0          0          0          0          0   libinit2.o
         2          0          0          0          0          0   libshutdown.o
         2          0          0          0          0          0   libshutdown2.o
         8          4          0          0         96         68   libspace.o
        40          6          0          0          0         84   noretval__2sprintf.o
        78          0          0          0          0         80   rt_memclr_w.o
       138          0          0          0          0         68   rt_memcpy_v6.o
       100          0          0          0          0         80   rt_memcpy_w.o
         2          0          0          0          0          0   rtexit.o
        10          0          0          0          0          0   rtexit2.o
        12          4          0          0          0         68   sys_exit.o
        74          0          0          0          0         80   sys_stackheap_outer.o
         2          0          0          0          0         68   use_no_semi.o
       804         16          0          0          0        272   daddsub_clz.o
        24          0          0          0          0         68   dcmpi.o
       688        140          0          0          0        208   ddiv.o
       120          4          0          0          0         92   deqf.o
        90          4          0          0          0         92   dfixu.o
        84          0          0          0          0        136   dflt_clz.o
       340         12          0          0          0        104   dmul.o
       156          4          0          0          0         92   dnaninf.o
        12          0          0          0          0         68   dretinf.o
         0          0          0          0          0          0   usenofp.o

    ----------------------------------------------------------------------
      3688        224          0          0        100       2636   Library Totals
        14          0          0          0          4          0   (incl. Padding)

    ----------------------------------------------------------------------

      Code (inc. data)   RO Data    RW Data    ZI Data      Debug   Library Name

      1356         44          0          0         96       1504   c_w.l
      2318        180          0          0          0       1132   fz_ws.l

    ----------------------------------------------------------------------
      3688        224          0          0        100       2636   Library Totals

    ----------------------------------------------------------------------

==============================================================================


      Code (inc. data)   RO Data    RW Data    ZI Data      Debug   

     68776       3474       1840        276       5468     144893   Grand Totals
     68776       3474       1840        276       5468     144893   ELF Image Totals
     68776       3474       1840        276          0          0   ROM Totals

==============================================================================

    Total RO  Size (Code + RO Data)                70616 (  68.96kB)
    Total RW  Size (RW Data + ZI Data)              5744 (   5.61kB)
    Total ROM Size (Code + RO Data + RW Data)      70892 (  69.23kB)

==============================================================================

